# Bake Begins!
### (1 of 6) Copy sources
$ cp -a /home/travis/build/fontdirectory/imfelldwpica/METADATA.json /home/travis/build/fontdirectory/imfelldwpica/builds/build
$ cp -a /home/travis/build/fontdirectory/imfelldwpica/DESCRIPTION.en_us.html /home/travis/build/fontdirectory/imfelldwpica/builds/build
$ cp -a IMFePIrm28P.ttf.ttx IMFePIit28P.ttf.ttx IMFePIrm28P.ttf._p_o_s_t.ttx IMFePIrm28P.ttf._n_a_m_e.ttx IMFePIrm28P.ttf._m_a_x_p.ttx IMFePIrm28P.ttf._l_o_c_a.ttx IMFePIrm28P.ttf._k_e_r_n.ttx IMFePIrm28P.ttf._h_m_t_x.ttx IMFePIrm28P.ttf._h_h_e_a.ttx IMFePIrm28P.ttf._h_e_a_d.ttx IMFePIrm28P.ttf._g_l_y_f.ttx IMFePIrm28P.ttf._g_a_s_p.ttx IMFePIrm28P.ttf._c_m_a_p.ttx IMFePIrm28P.ttf.O_S_2f_2.ttx IMFePIrm28P.ttf.GlyphOrder.ttx IMFePIrm28P.ttf.G_S_U_B_.ttx IMFePIit28P.ttf._p_o_s_t.ttx IMFePIit28P.ttf._n_a_m_e.ttx IMFePIit28P.ttf._m_a_x_p.ttx IMFePIit28P.ttf._l_o_c_a.ttx IMFePIit28P.ttf._k_e_r_n.ttx IMFePIit28P.ttf._h_m_t_x.ttx IMFePIit28P.ttf._h_h_e_a.ttx IMFePIit28P.ttf._h_e_a_d.ttx IMFePIit28P.ttf._g_l_y_f.ttx IMFePIit28P.ttf._g_a_s_p.ttx IMFePIit28P.ttf._c_m_a_p.ttx IMFePIit28P.ttf.O_S_2f_2.ttx IMFePIit28P.ttf.GlyphOrder.ttx IMFePIit28P.ttf.G_S_U_B_.ttx /home/travis/build/fontdirectory/imfelldwpica/builds/build/sources
### (2 of 6) pyfontaine
### (3 of 6) Run upstream tests
$ bakery-lint.py upstream-repo sources
$ fontaine --collections subsets --text /home/travis/build/fontdirectory/imfelldwpica/builds/build/sources/IMFePIit28P.ttf.ttx /home/travis/build/fontdirectory/imfelldwpica/builds/build/sources/IMFePIrm28P.ttf.ttx > fontaine.txt
WARNING: Please install [PyICU](https://pypi.python.org/pypi/PyICU) toenable [feature], perhaps with: pip install pyicu
end of pyfontaine process
bakery_lint.tests.upstream.test_prepolation.FontTestPrepolation.test_font_prepolation_glyph_contours(): OK
bakery_lint.tests.upstream.test_prepolation.FontTestPrepolation.test_font_prepolation_glyph_points(): OK
bakery_lint.tests.upstream.test_prepolation.FontTestPrepolation.test_font_test_prepolation_glyph_names(): OK
bakery_lint.tests.upstream.test_diacritic.TestDiacritic.test_diacritic_made_as_component(): OK
bakery_lint.tests.upstream.test_diacritic.TestDiacritic.test_diacritic_made_as_mark_to_mark(): OK
bakery_lint.tests.upstream.test_diacritic.TestDiacritic.test_diacritic_made_as_own_glyphs(): OK
bakery_lint.tests.upstream.test_check_upstream_sources.ProjectUpstreamTestCase.test_bakery_yaml_exists(): OK
bakery_lint.tests.upstream.test_check_upstream_sources.ProjectUpstreamTestCase.test_copyright_notices_same_across_family(): OK
bakery_lint.tests.upstream.test_check_upstream_sources.ProjectUpstreamTestCase.test_description_html_exists(): OK
bakery_lint.tests.upstream.test_check_upstream_sources.ProjectUpstreamTestCase.test_fontlog_txt_exists(): FAIL
bakery_lint.tests.upstream.test_check_upstream_sources.ProjectUpstreamTestCase.test_metadata_json_exists(): OK
$ bakery-lint.py upstream-ttx IMFePIit28P.ttf.ttx
bakery_lint.tests.upstream.test_glyphname_does_not_contain_disallowed_chars.TestGlyphNameDoesNotContainsDisallowedChars.test_glyphname_does_not_contain_disallowed_chars(): FAIL
bakery_lint.tests.upstream.test_font_filename_eq_familystyle.TestTTFSourceFontFileNameEqualsFamilyStyle.test_source_ttf_font_filename_equals_familystyle(): FAIL
$ mv /home/travis/build/fontdirectory/imfelldwpica/builds/build/sources/IMFePIit28P.ttf.ttx /home/travis/build/fontdirectory/imfelldwpica/builds/build/sources/IMFELLDWPica-Italic.ttx
bakery_lint.tests.upstream.test_font_filename_eq_familystyle.TestTTFSourceFontFileNameEqualsFamilyStyle.test_source_ttf_font_filename_equals_familystyle(): OK
bakery_lint.tests.upstream.test_check_ttx_requirements.SourceTTXTest.test_epar_in_keys(): FAIL
bakery_lint.tests.upstream.test_check_ttx_requirements.SourceTTXTest.test_os2_in_keys(): OK
bakery_lint.tests.upstream.test_check_ttx_requirements.SourceTTXTest.test_ttx_doesnt_contain_duplicate_glyphs(): OK
bakery_lint.tests.upstream.test_check_ttx_fontfamily_recommendations.TTX_FontFamilyNamingTest.test_ttx_family_naming_recommendation(): OK
$ bakery-lint.py upstream-ttx IMFePIrm28P.ttf.ttx
bakery_lint.tests.upstream.test_glyphname_does_not_contain_disallowed_chars.TestGlyphNameDoesNotContainsDisallowedChars.test_glyphname_does_not_contain_disallowed_chars(): FAIL
bakery_lint.tests.upstream.test_font_filename_eq_familystyle.TestTTFSourceFontFileNameEqualsFamilyStyle.test_source_ttf_font_filename_equals_familystyle(): FAIL
$ mv /home/travis/build/fontdirectory/imfelldwpica/builds/build/sources/IMFePIrm28P.ttf.ttx /home/travis/build/fontdirectory/imfelldwpica/builds/build/sources/IMFELLDWPica-Regular.ttx
bakery_lint.tests.upstream.test_font_filename_eq_familystyle.TestTTFSourceFontFileNameEqualsFamilyStyle.test_source_ttf_font_filename_equals_familystyle(): OK
bakery_lint.tests.upstream.test_check_ttx_requirements.SourceTTXTest.test_epar_in_keys(): FAIL
bakery_lint.tests.upstream.test_check_ttx_requirements.SourceTTXTest.test_os2_in_keys(): OK
bakery_lint.tests.upstream.test_check_ttx_requirements.SourceTTXTest.test_ttx_doesnt_contain_duplicate_glyphs(): OK
bakery_lint.tests.upstream.test_check_ttx_fontfamily_recommendations.TTX_FontFamilyNamingTest.test_ttx_family_naming_recommendation(): OK
### (4 of 6) Convert sources to TTF
$ ttx -d /home/travis/build/fontdirectory/imfelldwpica/builds/build /home/travis/build/fontdirectory/imfelldwpica/builds/build/sources/IMFELLDWPica-Regular.ttx /home/travis/build/fontdirectory/imfelldwpica/builds/build/sources/IMFELLDWPica-Italic.ttx
Compiling "/home/travis/build/fontdirectory/imfelldwpica/builds/build/sources/IMFELLDWPica-Regular.ttx" to "/home/travis/build/fontdirectory/imfelldwpica/builds/build/IMFELLDWPica-Regular.ttf"...
Parsing 'GlyphOrder' table...
Parsing 'head' table...
Parsing 'hhea' table...
Parsing 'maxp' table...
Parsing 'OS/2' table...
Parsing 'hmtx' table...
Parsing 'cmap' table...
Parsing 'loca' table...
Parsing 'glyf' table...
Parsing 'kern' table...
Parsing 'name' table...
Parsing 'post' table...
Parsing 'gasp' table...
Parsing 'GSUB' table...
Compiling "/home/travis/build/fontdirectory/imfelldwpica/builds/build/sources/IMFELLDWPica-Italic.ttx" to "/home/travis/build/fontdirectory/imfelldwpica/builds/build/IMFELLDWPica-Italic.ttf"...
Parsing 'GlyphOrder' table...
Parsing 'head' table...
Parsing 'hhea' table...
Parsing 'maxp' table...
Parsing 'OS/2' table...
Parsing 'hmtx' table...
Parsing 'cmap' table...
Parsing 'loca' table...
Parsing 'glyf' table...
Parsing 'kern' table...
Parsing 'name' table...
Parsing 'post' table...
Parsing 'gasp' table...
Parsing 'GSUB' table...
### Test IMFELLDWPica-Regular.ttf
$ bakery-lint.py result IMFELLDWPica-Regular.ttf
### Test IMFELLDWPica-Italic.ttf
$ bakery-lint.py result IMFELLDWPica-Italic.ttf
### (5 of 6) Generate METADATA.json (genmetadata.py)
$ genmetadata.py /home/travis/build/fontdirectory/imfelldwpica/builds/build
{} exists
Designer's name from font is: Igino Marini
bakery_lint.tests.downstream.test_names_are_ascii_only.CheckNamesAreASCIIOnly.test_check_names_are_ascii_only(): FAIL
bakery_lint.tests.downstream.test_names_are_ascii_only.CheckNamesAreASCIIOnly.test_check_names_are_ascii_only(): FAIL
$ bakery-ascii-fix.py /home/travis/build/fontdirectory/imfelldwpica/builds/build/IMFELLDWPica-Italic.ttf
$ bakery-ascii-fix.py /home/travis/build/fontdirectory/imfelldwpica/builds/build/IMFELLDWPica-Regular.ttf
$ mv /home/travis/build/fontdirectory/imfelldwpica/builds/build/IMFELLDWPica-Italic.ttf.fix /home/travis/build/fontdirectory/imfelldwpica/builds/build/IMFELLDWPica-Italic.ttf
bakery_lint.tests.downstream.test_names_are_ascii_only.CheckNamesAreASCIIOnly.test_check_names_are_ascii_only(): OK
bakery_lint.tests.downstream.test_gpos_table_has_kerning_info.CheckGposTableHasKerningInfo.test_gpos_table_has_kerning_info(): FAIL
bakery_lint.tests.downstream.test_gasp_table_value.CheckGaspTableType.test_check_gasp_table_type(): FAIL
$ bakery-gasp.py --set=15 /home/travis/build/fontdirectory/imfelldwpica/builds/build/IMFELLDWPica-Italic.ttf
$ mv /home/travis/build/fontdirectory/imfelldwpica/builds/build/IMFELLDWPica-Regular.ttf.fix /home/travis/build/fontdirectory/imfelldwpica/builds/build/IMFELLDWPica-Regular.ttf
bakery_lint.tests.downstream.test_names_are_ascii_only.CheckNamesAreASCIIOnly.test_check_names_are_ascii_only(): OK
bakery_lint.tests.downstream.test_gpos_table_has_kerning_info.CheckGposTableHasKerningInfo.test_gpos_table_has_kerning_info(): FAIL
bakery_lint.tests.downstream.test_gasp_table_value.CheckGaspTableType.test_check_gasp_table_type(): FAIL
$ bakery-gasp.py --set=15 /home/travis/build/fontdirectory/imfelldwpica/builds/build/IMFELLDWPica-Regular.ttf
$ mv /home/travis/build/fontdirectory/imfelldwpica/builds/build/IMFELLDWPica-Italic.ttf.fix /home/travis/build/fontdirectory/imfelldwpica/builds/build/IMFELLDWPica-Italic.ttf
bakery_lint.tests.downstream.test_gasp_table_value.CheckGaspTableType.test_check_gasp_table_type(): OK
$ bakery-gasp.py --set=15 /home/travis/build/fontdirectory/imfelldwpica/builds/build/IMFELLDWPica-Italic.ttf
$ mv /home/travis/build/fontdirectory/imfelldwpica/builds/build/IMFELLDWPica-Regular.ttf.fix /home/travis/build/fontdirectory/imfelldwpica/builds/build/IMFELLDWPica-Regular.ttf
bakery_lint.tests.downstream.test_gasp_table_value.CheckGaspTableType.test_check_gasp_table_type(): OK
$ bakery-gasp.py --set=15 /home/travis/build/fontdirectory/imfelldwpica/builds/build/IMFELLDWPica-Regular.ttf
$ mv /home/travis/build/fontdirectory/imfelldwpica/builds/build/IMFELLDWPica-Italic.ttf.fix /home/travis/build/fontdirectory/imfelldwpica/builds/build/IMFELLDWPica-Italic.ttf
$ mv /home/travis/build/fontdirectory/imfelldwpica/builds/build/IMFELLDWPica-Regular.ttf.fix /home/travis/build/fontdirectory/imfelldwpica/builds/build/IMFELLDWPica-Regular.ttf
Original size: 215692\nGzip size: 123713
Family Name: IM FELL DW Pica
PS Name: IM_FELL_DW_Pica_Roman
Full Name: IM FELL DW Pica Roman
Style: normal
Weight: 400
Filename: IMFELLDWPica-Regular.ttf
Copyright: (c) 2007 Igino Marini (www.iginomarini.com) With Reserved Font Name IM FELL DW Pica Roman
Family Name: IM FELL DW Pica
PS Name: IM_FELL_DW_Pica_Italic
Full Name: IM FELL DW Pica Italic
Style: italic
Weight: 400
Filename: IMFELLDWPica-Italic.ttf
Copyright: (c) 2007 Igino Marini (www.iginomarini.com) With Reserved Font Name IM FELL DW Pica Italic
### (6 of 6) Run tests for METADATA.json
$ bakery-lint.py metadata METADATA.json
bakery_lint.tests.metadata_test.MetadataSubsetsListTest.test_charset_latin(): FAIL
bakery_lint.tests.metadata_test.MetadataSubsetsListTest.test_charset_menu(): FAIL
bakery_lint.tests.metadata_test.MetadataTest.test_description_is_more_than_500b(): OK
bakery_lint.tests.metadata_test.MetadataTest.test_description_is_valid_html(): FAIL
The glyph named cross is mapped to U+E01C.
But its name indicates it should be mapped to U+2629.
The glyph named s_t is mapped to U+E021.
But its name indicates it should be mapped to U+FB06.
The glyph named cross is mapped to U+E01C.
But its name indicates it should be mapped to U+2629.
bakery_lint.tests.metadata_test.MetadataTest.test_does_not_familyName_exist_in_daltonmaag_catalogue(): FAIL
bakery_lint.tests.metadata_test.MetadataTest.test_does_not_familyName_exist_in_fontbureau_catalogue(): OK
bakery_lint.tests.metadata_test.MetadataTest.test_does_not_familyName_exist_in_fontscom_catalogue(): OK
bakery_lint.tests.metadata_test.MetadataTest.test_does_not_familyName_exist_in_fontshop_catalogue(): FAIL
bakery_lint.tests.downstream.test_fontforge_validation_state.FontForgeValidateStateTest.test_allowed_numbers_paths_in_composite_glyphs(): OK
bakery_lint.tests.downstream.test_fontforge_validation_state.FontForgeValidateStateTest.test_allowed_numbers_paths_in_glyphs(): OK
bakery_lint.tests.downstream.test_fontforge_validation_state.FontForgeValidateStateTest.test_allowed_numbers_points_in_composite_glyphs(): OK
bakery_lint.tests.downstream.test_fontforge_validation_state.FontForgeValidateStateTest.test_allowed_numbers_points_in_glyphs(): OK
bakery_lint.tests.downstream.test_fontforge_validation_state.FontForgeValidateStateTest.test_duplicate_glyphs(): OK
bakery_lint.tests.downstream.test_fontforge_validation_state.FontForgeValidateStateTest.test_duplicate_unicode_codepoints(): OK
bakery_lint.tests.downstream.test_fontforge_validation_state.FontForgeValidateStateTest.test_flipped_reference_in_glyphs(): OK
bakery_lint.tests.downstream.test_fontforge_validation_state.FontForgeValidateStateTest.test_missing_anchors(): OK
bakery_lint.tests.downstream.test_fontforge_validation_state.FontForgeValidateStateTest.test_missing_extrema_in_glyphs(): FAIL
bakery_lint.tests.downstream.test_fontforge_validation_state.FontForgeValidateStateTest.test_overlapped_hints(): OK
bakery_lint.tests.downstream.test_fontforge_validation_state.FontForgeValidateStateTest.test_points_are_integer_aligned(): OK
bakery_lint.tests.downstream.test_fontforge_validation_state.FontForgeValidateStateTest.test_points_are_not_too_far_apart(): OK
bakery_lint.tests.downstream.test_fontforge_validation_state.FontForgeValidateStateTest.test_postscript_hasnt_limit_hints_in_glyphs(): OK
bakery_lint.tests.downstream.test_fontforge_validation_state.FontForgeValidateStateTest.test_postscript_hasnt_limit_points_in_glyphs(): FAIL
bakery_lint.tests.downstream.test_fontforge_validation_state.FontForgeValidateStateTest.test_referenced_glyphs_are_present(): OK
bakery_lint.tests.downstream.test_fontforge_validation_state.FontForgeValidateStateTest.test_valid_glyph_names(): OK
bakery_lint.tests.downstream.test_fontforge_validation_state.FontForgeValidateStateTest.test_valid_length_instructions(): OK
bakery_lint.tests.downstream.test_fontforge_validation_state.FontForgeValidateStateTest.test_validation_glyph_intersect(): FAIL
bakery_lint.tests.downstream.test_fontforge_validation_state.FontForgeValidateStateTest.test_validation_open_contours(): OK
bakery_lint.tests.downstream.test_fontforge_validation_state.FontForgeValidateStateTest.test_wrong_direction_in_glyphs(): FAIL
bakery_lint.tests.metadata_test.MetadataTest.test_does_not_familyName_exist_in_fontsmith_catalogue(): OK
bakery_lint.tests.downstream.test_fontforge_validation_state.FontForgeValidateStateTest.test_allowed_numbers_paths_in_composite_glyphs(): OK
bakery_lint.tests.downstream.test_fontforge_validation_state.FontForgeValidateStateTest.test_allowed_numbers_paths_in_glyphs(): OK
bakery_lint.tests.downstream.test_fontforge_validation_state.FontForgeValidateStateTest.test_allowed_numbers_points_in_composite_glyphs(): OK
bakery_lint.tests.downstream.test_fontforge_validation_state.FontForgeValidateStateTest.test_allowed_numbers_points_in_glyphs(): OK
bakery_lint.tests.downstream.test_fontforge_validation_state.FontForgeValidateStateTest.test_duplicate_glyphs(): OK
bakery_lint.tests.downstream.test_fontforge_validation_state.FontForgeValidateStateTest.test_duplicate_unicode_codepoints(): OK
bakery_lint.tests.downstream.test_fontforge_validation_state.FontForgeValidateStateTest.test_flipped_reference_in_glyphs(): OK
bakery_lint.tests.downstream.test_fontforge_validation_state.FontForgeValidateStateTest.test_missing_anchors(): OK
bakery_lint.tests.downstream.test_fontforge_validation_state.FontForgeValidateStateTest.test_missing_extrema_in_glyphs(): FAIL
bakery_lint.tests.downstream.test_fontforge_validation_state.FontForgeValidateStateTest.test_overlapped_hints(): OK
bakery_lint.tests.downstream.test_fontforge_validation_state.FontForgeValidateStateTest.test_points_are_integer_aligned(): OK
bakery_lint.tests.downstream.test_fontforge_validation_state.FontForgeValidateStateTest.test_points_are_not_too_far_apart(): OK
bakery_lint.tests.downstream.test_fontforge_validation_state.FontForgeValidateStateTest.test_postscript_hasnt_limit_hints_in_glyphs(): OK
bakery_lint.tests.downstream.test_fontforge_validation_state.FontForgeValidateStateTest.test_postscript_hasnt_limit_points_in_glyphs(): FAIL
bakery_lint.tests.downstream.test_fontforge_validation_state.FontForgeValidateStateTest.test_referenced_glyphs_are_present(): OK
bakery_lint.tests.downstream.test_fontforge_validation_state.FontForgeValidateStateTest.test_valid_glyph_names(): OK
bakery_lint.tests.downstream.test_fontforge_validation_state.FontForgeValidateStateTest.test_valid_length_instructions(): OK
bakery_lint.tests.downstream.test_fontforge_validation_state.FontForgeValidateStateTest.test_validation_glyph_intersect(): FAIL
bakery_lint.tests.downstream.test_fontforge_validation_state.FontForgeValidateStateTest.test_validation_open_contours(): OK
bakery_lint.tests.downstream.test_fontforge_validation_state.FontForgeValidateStateTest.test_wrong_direction_in_glyphs(): FAIL
bakery_lint.tests.metadata_test.MetadataTest.test_does_not_familyName_exist_in_houseind_catalogue(): OK
bakery_lint.tests.metadata_test.MetadataTest.test_does_not_familyName_exist_in_myfonts_catalogue(): FAIL
bakery_lint.tests.downstream.test_check_vertical_metrics.CheckVerticalLinegapMetrics.test_metrics_linegaps_are_zero(): FAIL
bakery_lint.tests.metadata_test.MetadataTest.test_does_not_familyName_exist_in_veer_catalogue(): FAIL
bakery_lint.tests.downstream.test_check_vertical_metrics.CheckVerticalLinegapMetrics.test_metrics_linegaps_are_zero(): FAIL
bakery_lint.tests.metadata_test.MetadataTest.test_family_is_listed_in_gwf(): OK
bakery_lint.tests.metadata_test.MetadataTest.test_metadata_atleast_latin_menu_subsets_exist(): OK
/home/travis/virtualenv/python2.7.8/lib/python2.7/site-packages/bakery_lint/tests/metadata_test.py:141: UnicodeWarning: Unicode equal comparison failed to convert both arguments to Unicode - interpreting them as being unequal
  self.assertTrue(designer in designers,
$ bakery-vmet-fix.py --autofix /home/travis/build/fontdirectory/imfelldwpica/builds/build/IMFELLDWPica-Regular.ttf /home/travis/build/fontdirectory/imfelldwpica/builds/build/IMFELLDWPica-Italic.ttf
bakery_lint.tests.metadata_test.MetadataTest.test_metadata_designer_exists_in_profiles_csv(): FAIL
bakery_lint.tests.metadata_test.MetadataTest.test_metadata_fonts_items_dicts(): OK
bakery_lint.tests.metadata_test.MetadataTest.test_metadata_fonts_key_list(): OK
bakery_lint.tests.metadata_test.MetadataTest.test_metadata_fonts_no_dupes(): OK
bakery_lint.tests.metadata_test.MetadataTest.test_metadata_has_unique_style_weight_pairs(): OK
bakery_lint.tests.metadata_test.MetadataTest.test_metadata_keys(): OK
bakery_lint.tests.metadata_test.MetadataTest.test_metadata_license(): OK
bakery_lint.tests.metadata_test.MetadataTest.test_metadata_no_unknown_top_keys(): OK
bakery_lint.tests.metadata_test.MetadataTest.test_metadata_subsets_key_list(): OK
bakery_lint.tests.metadata_test.MetadataTest.test_metadata_top_keys_types(): FAIL
bakery_lint.tests.downstream.test_metadata_font_copyright.CheckMetadataContainsReservedFontName.test_copyright_contains_correct_rfn(): OK
bakery_lint.tests.downstream.test_metadata_font_copyright.CheckMetadataContainsReservedFontName.test_copyright_is_consistent_across_family(): FAIL
bakery_lint.tests.downstream.test_metadata_font_copyright.CheckMetadataContainsReservedFontName.test_copyright_matches_pattern(): FAIL
bakery_lint.tests.downstream.test_metadata_font_copyright.CheckMetadataContainsReservedFontName.test_metadata_copyright_size(): OK
bakery_lint.tests.downstream.test_metadata_agreements.CheckMetadataAgreements.test_font_name_matches_family(): ERROR
bakery_lint.tests.downstream.test_metadata_agreements.CheckMetadataAgreements.test_metadata_family(): ERROR
bakery_lint.tests.downstream.test_metadata_agreements.CheckMetadataAgreements.test_metadata_family_values_are_all_the_same(): OK
bakery_lint.tests.downstream.test_metadata_agreements.CheckMetadataAgreements.test_metadata_filename_matches_postScriptName(): FAIL
bakery_lint.tests.downstream.test_metadata_agreements.CheckMetadataAgreements.test_metadata_font_have_regular(): OK
bakery_lint.tests.downstream.test_metadata_agreements.CheckMetadataAgreements.test_metadata_fonts_fields_have_fontname(): ERROR
bakery_lint.tests.downstream.test_metadata_agreements.CheckMetadataAgreements.test_metadata_fullname_is_equal_to_internal_font_fullname(): ERROR
bakery_lint.tests.downstream.test_metadata_agreements.CheckMetadataAgreements.test_metadata_fullname_matches_postScriptName(): FAIL
bakery_lint.tests.downstream.test_metadata_agreements.CheckMetadataAgreements.test_metadata_postScriptName_matches_ttf_fontname(): ERROR
bakery_lint.tests.downstream.test_metadata_agreements.CheckMetadataAgreements.test_metadata_regular_is_400(): FAIL
bakery_lint.tests.downstream.test_metadata_agreements.CheckMetadataAgreements.test_metadata_regular_is_normal(): FAIL
bakery_lint.tests.downstream.test_check_text_files_exist.CheckTextFilesExist.test_copyrighttxt_exists(): FAIL
bakery_lint.tests.downstream.test_check_text_files_exist.CheckTextFilesExist.test_description_exists(): OK
bakery_lint.tests.downstream.test_check_text_files_exist.CheckTextFilesExist.test_fontlogtxt_exists(): FAIL
bakery_lint.tests.downstream.test_check_text_files_exist.CheckTextFilesExist.test_licensetxt_exists(): FAIL
bakery_lint.tests.downstream.test_check_subsets_exists.CheckSubsetsExist.test_check_subsets_exists(): FAIL
bakery_lint.tests.downstream.test_check_monospace_agreements.CheckMonospaceAgreement.test_check_monospace_agreement(): OK
bakery_lint.tests.downstream.test_check_metadata_style_matches_names.CheckItalicStyleMatchesMacStyle.test_check_italic_style_matches_names(): ERROR
bakery_lint.tests.downstream.test_check_metadata_style_matches_names.CheckNormalStyleMatchesMacStyle.test_check_normal_style_matches_names(): ERROR
bakery_lint.tests.downstream.test_check_metadata_matches_nametable.CheckMetadataMatchesNameTable.test_check_metadata_matches_nametable(): ERROR
$ bakery-vmet-fix.py --autofix /home/travis/build/fontdirectory/imfelldwpica/builds/build/IMFELLDWPica-Regular.ttf /home/travis/build/fontdirectory/imfelldwpica/builds/build/IMFELLDWPica-Italic.ttf
bakery_lint.tests.downstream.test_check_metadata_fields.CheckMetadataFields.test_check_metadata_fields(): OK
bakery_lint.tests.downstream.test_check_menu_contains_proper_glyphs.CheckMenuSubsetContainsProperGlyphs.test_check_menu_contains_proper_glyphs(): ERROR
bakery_lint.tests.downstream.test_check_glyph_consistency.CheckGlyphConsistencyInFamily.test_the_same_encodings_of_glyphs_across_family(): ERROR
bakery_lint.tests.downstream.test_check_glyph_consistency.CheckGlyphConsistencyInFamily.test_the_same_names_of_glyphs_across_family(): ERROR
bakery_lint.tests.downstream.test_check_glyph_consistency.CheckGlyphConsistencyInFamily.test_the_same_number_of_glyphs_across_family(): ERROR
bakery_lint.tests.downstream.test_check_font_name_not_in_camelcase.CheckFontNameNotInCamelCase.test_fontname_not_in_camel_case(): OK
bakery_lint.tests.downstream.test_check_files_menu_agreements.CheckFontsMenuAgreements.test_menu_file_agreement(): FAIL
bakery_lint.tests.downstream.test_check_familyname_matches_fontnames.CheckFamilyNameMatchesFontNames.test_check_familyname_matches_fontnames(): OK
bakery_lint.tests.downstream.test_check_canonical_weights.CheckCanonicalWeights.test_check_canonical_weights(): ERROR
bakery_lint.tests.downstream.test_check_canonical_weights.CheckPostScriptNameMatchesWeight.test_postscriptname_contains_correct_weight(): FAIL
bakery_lint.tests.downstream.test_check_canonical_weights.CheckFontWeightSameAsInMetadata.test_font_weight_same_as_in_metadata(): ERROR
bakery_lint.tests.downstream.test_check_canonical_weights.CheckFullNameEqualCanonicalName.test_metadata_contains_current_font(): ERROR
bakery_lint.tests.downstream.test_check_canonical_styles.CheckCanonicalStyles.test_check_canonical_styles(): ERROR
bakery_lint.tests.downstream.test_check_canonical_filenames.CheckCanonicalFilenames.test_check_canonical_filenames(): FAIL
$ mv /home/travis/build/fontdirectory/imfelldwpica/builds/build/IMFELLDWPica-Regular.ttf.fix /home/travis/build/fontdirectory/imfelldwpica/builds/build/IMFELLDWPica-Regular.ttf
$ mv /home/travis/build/fontdirectory/imfelldwpica/builds/build/IMFELLDWPica-Italic.ttf.fix /home/travis/build/fontdirectory/imfelldwpica/builds/build/IMFELLDWPica-Italic.ttf
$ bakery-vmet-fix.py /home/travis/build/fontdirectory/imfelldwpica/builds/build/IMFELLDWPica-Regular.ttf /home/travis/build/fontdirectory/imfelldwpica/builds/build/IMFELLDWPica-Italic.ttf
$ mv /home/travis/build/fontdirectory/imfelldwpica/builds/build/IMFELLDWPica-Regular.ttf.fix /home/travis/build/fontdirectory/imfelldwpica/builds/build/IMFELLDWPica-Regular.ttf
$ mv /home/travis/build/fontdirectory/imfelldwpica/builds/build/IMFELLDWPica-Italic.ttf.fix /home/travis/build/fontdirectory/imfelldwpica/builds/build/IMFELLDWPica-Italic.ttf
$ bakery-vmet-fix.py /home/travis/build/fontdirectory/imfelldwpica/builds/build/IMFELLDWPica-Regular.ttf /home/travis/build/fontdirectory/imfelldwpica/builds/build/IMFELLDWPica-Italic.ttf
Parameter              IMFELLDWPica-Regular.ttf    IMFELLDWPica-Italic.ttf    
ymax                   1915                        1868                       
hhea.ascent            1915                        1915                       
OS/2.sTypoAscender     1915                        1915                       
OS/2.usWinAscent       1915                        1915                       
ymin                   -645                        -692                       
hhea.descent           -692                        -692                       
OS/2.sTypoDescender    -692                        -692                       
OS/2.usWinDescent      692                         692                        
hhea.lineGap           0                           0                          
OS/2.sTypoLineGap      0                           0                          
hhea total             2607                        2607                       
typo total             2607                        2607                       
win total              2607                        2607                       
UPM:Heights            2048:2560                   2048:2560                  
UPM:Heights %          125 %                       125 %                      


Parameter              IMFELLDWPica-Regular.ttf    IMFELLDWPica-Italic.ttf    
ymax                   1915                        1868                       
hhea.ascent            1915                        1915                       
OS/2.sTypoAscender     1915                        1915                       
OS/2.usWinAscent       1915                        1915                       
ymin                   -645                        -692                       
hhea.descent           -692                        -692                       
OS/2.sTypoDescender    -692                        -692                       
OS/2.usWinDescent      692                         692                        
hhea.lineGap           0                           0                          
OS/2.sTypoLineGap      0                           0                          
hhea total             2607                        2607                       
typo total             2607                        2607                       
win total              2607                        2607                       
UPM:Heights            2048:2560                   2048:2560                  
UPM:Heights %          125 %                       125 %                      


bakery_lint.tests.downstream.test_check_vertical_metrics.CheckVerticalLinegapMetrics.test_metrics_linegaps_are_zero(): OK
bakery_lint.tests.downstream.test_check_vertical_metrics.CheckVerticalLinegapMetrics.test_metrics_linegaps_are_zero(): OK
bakery_lint.tests.downstream.test_check_vertical_metrics.CheckVerticalAscentMetrics.test_metrics_ascents_equal_bbox(): OK
bakery_lint.tests.downstream.test_check_vertical_metrics.CheckVerticalAscentMetrics.test_metrics_ascents_equal_bbox(): OK
bakery_lint.tests.downstream.test_check_vertical_metrics.CheckVerticalDescentMetrics.test_metrics_descents_equal_bbox(): OK
bakery_lint.tests.downstream.test_check_upm_heights_less_120.TestCheckUPMHeightsLess120.test_check_upm_heigths_less_120(): FAIL
bakery_lint.tests.downstream.test_check_unused_glyph_data.CheckUnusedGlyphData.test_check_unused_glyph_data(): ERROR
bakery_lint.tests.downstream.test_check_unencoded_glyph.TestFontUnencodedGlyph.test_font_unencoded_glyphs(): FAIL
$ bakery-encode-glyphs-fix.py --autofix /home/travis/build/fontdirectory/imfelldwpica/builds/build/IMFELLDWPica-Italic.ttf
$ mv /home/travis/build/fontdirectory/imfelldwpica/builds/build/IMFELLDWPica-Italic.ttf.fix /home/travis/build/fontdirectory/imfelldwpica/builds/build/IMFELLDWPica-Italic.ttf
bakery_lint.tests.downstream.test_check_unencoded_glyph.TestFontUnencodedGlyph.test_font_unencoded_glyphs(): FAIL
bakery_lint.tests.downstream.test_check_panose_identification.CheckPanoseIdentification.test_check_panose_identification(): OK
bakery_lint.tests.downstream.test_check_os2_width_class.CheckOS2WidthClass.test_check_os2_width_class(): OK
bakery_lint.tests.downstream.test_check_no_problematic_formats.CheckNoProblematicFormats.test_check_no_problematic_formats(): OK
bakery_lint.tests.downstream.test_check_nbsp_width_matches_sp_width.CheckNbspWidthMatchesSpWidth.test_check_nbsp_width_matches_sp_width(): FAIL
$ bakery-nbsp-fix.py /home/travis/build/fontdirectory/imfelldwpica/builds/build/IMFELLDWPica-Italic.ttf
$ mv /home/travis/build/fontdirectory/imfelldwpica/builds/build/IMFELLDWPica-Italic.ttf.fix /home/travis/build/fontdirectory/imfelldwpica/builds/build/IMFELLDWPica-Italic.ttf
bakery_lint.tests.downstream.test_check_nbsp_width_matches_sp_width.CheckNbspWidthMatchesSpWidth.test_check_nbsp_width_matches_sp_width(): FAIL
bakery_lint.tests.downstream.test_check_names_same_across_platforms.CheckNamesSameAcrossPlatforms.test_check_names_same_across_platforms(): OK
bakery_lint.tests.downstream.test_check_name_table_recommendation.CheckStyleNameRecommendation.test_check_stylename_is_under_recommendations(): OK
bakery_lint.tests.downstream.test_check_name_table_recommendation.CheckOTFamilyNameRecommendation.test_check_opentype_familyname(): FAIL
$ bakery-opentype-fix.py /home/travis/build/fontdirectory/imfelldwpica/builds/build/IMFELLDWPica-Italic.ttf
$ mv /home/travis/build/fontdirectory/imfelldwpica/builds/build/IMFELLDWPica-Italic.ttf.fix /home/travis/build/fontdirectory/imfelldwpica/builds/build/IMFELLDWPica-Italic.ttf
bakery_lint.tests.downstream.test_check_name_table_recommendation.CheckOTFamilyNameRecommendation.test_check_opentype_familyname(): OK
bakery_lint.tests.downstream.test_check_name_table_recommendation.CheckOTStyleNameRecommendation.test_check_opentype_stylename(): FAIL
$ bakery-opentype-fix.py /home/travis/build/fontdirectory/imfelldwpica/builds/build/IMFELLDWPica-Italic.ttf
bakery_lint.tests.downstream.test_check_vertical_metrics.CheckVerticalDescentMetrics.test_metrics_descents_equal_bbox(): OK
bakery_lint.tests.downstream.test_check_upm_heights_less_120.TestCheckUPMHeightsLess120.test_check_upm_heigths_less_120(): FAIL
bakery_lint.tests.downstream.test_check_unused_glyph_data.CheckUnusedGlyphData.test_check_unused_glyph_data(): ERROR
bakery_lint.tests.downstream.test_check_unencoded_glyph.TestFontUnencodedGlyph.test_font_unencoded_glyphs(): FAIL
$ bakery-encode-glyphs-fix.py --autofix /home/travis/build/fontdirectory/imfelldwpica/builds/build/IMFELLDWPica-Regular.ttf
$ mv /home/travis/build/fontdirectory/imfelldwpica/builds/build/IMFELLDWPica-Italic.ttf.fix /home/travis/build/fontdirectory/imfelldwpica/builds/build/IMFELLDWPica-Italic.ttf
bakery_lint.tests.downstream.test_check_name_table_recommendation.CheckOTStyleNameRecommendation.test_check_opentype_stylename(): FAIL
bakery_lint.tests.downstream.test_check_name_table_recommendation.CheckOTFullNameRecommendation.test_check_opentype_fullname(): OK
bakery_lint.tests.downstream.test_check_magic_prep_code.CheckMagicPREPByteCode.test_prep_magic_code(): FAIL
bakery_lint.tests.downstream.test_check_license_included.CheckLicenseIncluded.test_license_included_in_font_names(): OK
bakery_lint.tests.downstream.test_check_italic_angle_agreement.CheckItalicAngleAgreement.test_check_italic_angle_agreement(): FAIL
bakery_lint.tests.downstream.test_check_hmtx_hhea_max_advance_width_agreement.CheckHmtxHheaMaxAdvanceWidthAgreement.test_check_hmtx_hhea_max_advance_width_agreement(): OK
bakery_lint.tests.downstream.test_check_glyph_existence.CheckGlyphExistence.test_euro(): OK
$ mv /home/travis/build/fontdirectory/imfelldwpica/builds/build/IMFELLDWPica-Regular.ttf.fix /home/travis/build/fontdirectory/imfelldwpica/builds/build/IMFELLDWPica-Regular.ttf
bakery_lint.tests.downstream.test_check_glyph_existence.CheckGlyphExistence.test_nbsp(): OK
bakery_lint.tests.downstream.test_check_glyph_existence.CheckGlyphExistence.test_space(): OK
bakery_lint.tests.downstream.test_check_unencoded_glyph.TestFontUnencodedGlyph.test_font_unencoded_glyphs(): FAIL
bakery_lint.tests.downstream.test_check_glyf_table_length.CheckGlyfTableLength.test_check_glyf_table_length(): FAIL
bakery_lint.tests.downstream.test_check_panose_identification.CheckPanoseIdentification.test_check_panose_identification(): OK
bakery_lint.tests.downstream.test_check_full_font_name_begins_with_family_name.CheckFullFontNameBeginsWithFamilyName.test_check_full_font_name_begins_with_family_name(): OK
bakery_lint.tests.downstream.test_check_os2_width_class.CheckOS2WidthClass.test_check_os2_width_class(): OK
bakery_lint.tests.downstream.test_check_no_problematic_formats.CheckNoProblematicFormats.test_check_no_problematic_formats(): OK
bakery_lint.tests.downstream.test_check_fontname_matches_macstyle.CheckFontNameEqualToMacStyleFlags.test_fontname_is_equal_to_macstyle(): FAIL
bakery_lint.tests.downstream.test_check_font_tables.CheckFontHasDsigTable.test_check_font_has_dsig_table(): FAIL
$ bakery-dsig.py /home/travis/build/fontdirectory/imfelldwpica/builds/build/IMFELLDWPica-Italic.ttf
bakery_lint.tests.downstream.test_check_nbsp_width_matches_sp_width.CheckNbspWidthMatchesSpWidth.test_check_nbsp_width_matches_sp_width(): FAIL
$ bakery-nbsp-fix.py /home/travis/build/fontdirectory/imfelldwpica/builds/build/IMFELLDWPica-Regular.ttf
$ mv /home/travis/build/fontdirectory/imfelldwpica/builds/build/IMFELLDWPica-Regular.ttf.fix /home/travis/build/fontdirectory/imfelldwpica/builds/build/IMFELLDWPica-Regular.ttf
bakery_lint.tests.downstream.test_check_nbsp_width_matches_sp_width.CheckNbspWidthMatchesSpWidth.test_check_nbsp_width_matches_sp_width(): FAIL
bakery_lint.tests.downstream.test_check_names_same_across_platforms.CheckNamesSameAcrossPlatforms.test_check_names_same_across_platforms(): OK
bakery_lint.tests.downstream.test_check_name_table_recommendation.CheckStyleNameRecommendation.test_check_stylename_is_under_recommendations(): OK
$ mv /home/travis/build/fontdirectory/imfelldwpica/builds/build/IMFELLDWPica-Italic.ttf.fix /home/travis/build/fontdirectory/imfelldwpica/builds/build/IMFELLDWPica-Italic.ttf
bakery_lint.tests.downstream.test_check_font_tables.CheckFontHasDsigTable.test_check_font_has_dsig_table(): OK
bakery_lint.tests.downstream.test_check_name_table_recommendation.CheckOTFamilyNameRecommendation.test_check_opentype_familyname(): OK
bakery_lint.tests.downstream.test_check_font_tables.CheckFontHasNotKernTable.test_no_kern_table_exists(): OK
bakery_lint.tests.downstream.test_check_font_agreements.CheckFsTypeIsNotSet.test_is_fstype_not_set(): OK
$ bakery-fstype-fix.py --autofix /home/travis/build/fontdirectory/imfelldwpica/builds/build/IMFELLDWPica-Italic.ttf
bakery_lint.tests.downstream.test_check_name_table_recommendation.CheckOTStyleNameRecommendation.test_check_opentype_stylename(): FAIL
$ bakery-opentype-fix.py /home/travis/build/fontdirectory/imfelldwpica/builds/build/IMFELLDWPica-Regular.ttf
$ mv /home/travis/build/fontdirectory/imfelldwpica/builds/build/IMFELLDWPica-Italic.ttf.fix /home/travis/build/fontdirectory/imfelldwpica/builds/build/IMFELLDWPica-Italic.ttf
$ mv /home/travis/build/fontdirectory/imfelldwpica/builds/build/IMFELLDWPica-Regular.ttf.fix /home/travis/build/fontdirectory/imfelldwpica/builds/build/IMFELLDWPica-Regular.ttf
bakery_lint.tests.downstream.test_check_font_agreements.CheckFontAgreements.test_em_is_1000(): FAIL
bakery_lint.tests.downstream.test_check_name_table_recommendation.CheckOTStyleNameRecommendation.test_check_opentype_stylename(): OK
bakery_lint.tests.downstream.test_check_font_agreements.CheckFontAgreements.test_file_is_font(): OK
bakery_lint.tests.downstream.test_check_name_table_recommendation.CheckOTFullNameRecommendation.test_check_opentype_fullname(): OK
bakery_lint.tests.downstream.test_check_magic_prep_code.CheckMagicPREPByteCode.test_prep_magic_code(): FAIL
bakery_lint.tests.downstream.test_check_font_agreements.CheckFontAgreements.test_font_is_font(): OK
bakery_lint.tests.downstream.test_check_font_agreements.CheckFontAgreements.test_latin_file_exists(): FAIL
bakery_lint.tests.downstream.test_check_license_included.CheckLicenseIncluded.test_license_included_in_font_names(): OK
bakery_lint.tests.downstream.test_check_italic_angle_agreement.CheckItalicAngleAgreement.test_check_italic_angle_agreement(): OK
bakery_lint.tests.downstream.test_check_hmtx_hhea_max_advance_width_agreement.CheckHmtxHheaMaxAdvanceWidthAgreement.test_check_hmtx_hhea_max_advance_width_agreement(): OK
bakery_lint.tests.downstream.test_check_glyph_existence.CheckGlyphExistence.test_euro(): OK
bakery_lint.tests.downstream.test_check_glyph_existence.CheckGlyphExistence.test_nbsp(): OK
bakery_lint.tests.downstream.test_check_glyph_existence.CheckGlyphExistence.test_space(): OK
bakery_lint.tests.downstream.test_check_glyf_table_length.CheckGlyfTableLength.test_check_glyf_table_length(): FAIL
bakery_lint.tests.downstream.test_check_full_font_name_begins_with_family_name.CheckFullFontNameBeginsWithFamilyName.test_check_full_font_name_begins_with_family_name(): OK
bakery_lint.tests.downstream.test_check_fontname_matches_macstyle.CheckFontNameEqualToMacStyleFlags.test_fontname_is_equal_to_macstyle(): FAIL
bakery_lint.tests.downstream.test_check_font_tables.CheckFontHasDsigTable.test_check_font_has_dsig_table(): FAIL
$ bakery-dsig.py /home/travis/build/fontdirectory/imfelldwpica/builds/build/IMFELLDWPica-Regular.ttf
$ mv /home/travis/build/fontdirectory/imfelldwpica/builds/build/IMFELLDWPica-Regular.ttf.fix /home/travis/build/fontdirectory/imfelldwpica/builds/build/IMFELLDWPica-Regular.ttf
bakery_lint.tests.downstream.test_check_font_tables.CheckFontHasDsigTable.test_check_font_has_dsig_table(): OK
bakery_lint.tests.downstream.test_check_font_tables.CheckFontHasNotKernTable.test_no_kern_table_exists(): OK
bakery_lint.tests.downstream.test_check_font_agreements.CheckFsTypeIsNotSet.test_is_fstype_not_set(): OK
$ bakery-fstype-fix.py --autofix /home/travis/build/fontdirectory/imfelldwpica/builds/build/IMFELLDWPica-Regular.ttf
$ mv /home/travis/build/fontdirectory/imfelldwpica/builds/build/IMFELLDWPica-Regular.ttf.fix /home/travis/build/fontdirectory/imfelldwpica/builds/build/IMFELLDWPica-Regular.ttf
bakery_lint.tests.downstream.test_check_font_agreements.CheckFontAgreements.test_em_is_1000(): FAIL
bakery_lint.tests.downstream.test_check_font_agreements.CheckFontAgreements.test_file_is_font(): OK
bakery_lint.tests.downstream.test_check_font_agreements.CheckFontAgreements.test_font_is_font(): OK
bakery_lint.tests.downstream.test_check_font_agreements.CheckFontAgreements.test_latin_file_exists(): FAIL
### Optimize TTF IMFELLDWPica-Italic.ttf
### Optimize TTF IMFELLDWPica-Regular.ttf
$ ls -l 'IMFELLDWPica-Italic.ttf'* # look at the size savings of that subset process
IMFELLDWPica-Italic.ttf.opt: 240532 bytes
IMFELLDWPica-Italic.ttf: 244152 bytes
$ mv /home/travis/build/fontdirectory/imfelldwpica/builds/build/IMFELLDWPica-Italic.ttf.opt /home/travis/build/fontdirectory/imfelldwpica/builds/build/IMFELLDWPica-Italic.ttf
### Autohint TTFs (ttfautohint) IMFELLDWPica-Italic.ttf
$ ls -l 'IMFELLDWPica-Regular.ttf'* # look at the size savings of that subset process
IMFELLDWPica-Regular.ttf.opt: 213040 bytes
IMFELLDWPica-Regular.ttf: 216456 bytes
$ mv /home/travis/build/fontdirectory/imfelldwpica/builds/build/IMFELLDWPica-Regular.ttf.opt /home/travis/build/fontdirectory/imfelldwpica/builds/build/IMFELLDWPica-Regular.ttf
### Autohint TTFs (ttfautohint) IMFELLDWPica-Regular.ttf
$ ls -l /home/travis/build/fontdirectory/imfelldwpica/builds/build/IMFELLDWPica-Italic.*ttf # look at the size savings of that subset process
/home/travis/build/fontdirectory/imfelldwpica/builds/build/IMFELLDWPica-Italic.ttf: 240532 bytes
/home/travis/build/fontdirectory/imfelldwpica/builds/build/IMFELLDWPica-Italic.autohint.ttf: 275656 bytes
$ mv /home/travis/build/fontdirectory/imfelldwpica/builds/build/IMFELLDWPica-Italic.autohint.ttf /home/travis/build/fontdirectory/imfelldwpica/builds/build/IMFELLDWPica-Italic.ttf
### Subset TTFs (pyftsubset) IMFELLDWPica-Italic.ttf
$ ls -l /home/travis/build/fontdirectory/imfelldwpica/builds/build/IMFELLDWPica-Regular.*ttf # look at the size savings of that subset process
/home/travis/build/fontdirectory/imfelldwpica/builds/build/IMFELLDWPica-Regular.ttf: 213040 bytes
/home/travis/build/fontdirectory/imfelldwpica/builds/build/IMFELLDWPica-Regular.autohint.ttf: 252436 bytes
$ mv /home/travis/build/fontdirectory/imfelldwpica/builds/build/IMFELLDWPica-Regular.autohint.ttf /home/travis/build/fontdirectory/imfelldwpica/builds/build/IMFELLDWPica-Regular.ttf
### Subset TTFs (pyftsubset) IMFELLDWPica-Regular.ttf
Generate IMFELLDWPica-Italic.latin
Generate IMFELLDWPica-Regular.latin
Generate IMFELLDWPica-Italic.menu
strippedname:/home/travis/build/fontdirectory/imfelldwpica/builds/build/IMFELLDWPica-Italic.ttf
spaceWidth is    451
nbspWidth is     451
Nothing to do
Generate IMFELLDWPica-Regular.menu
strippedname:/home/travis/build/fontdirectory/imfelldwpica/builds/build/IMFELLDWPica-Regular.ttf
spaceWidth is    439
nbspWidth is     439
Nothing to do
{
  "name": "IM Fell DW Pica", 
  "designer": "Igino Marini", 
  "license": "OFL", 
  "visibility": "External", 
  "category": "Serif", 
  "size": 124462, 
  "fonts": [
    {
      "name": "IM FELL DW Pica", 
      "postScriptName": "IM_FELL_DW_Pica_Roman", 
      "fullName": "IM FELL DW Pica Roman", 
      "style": "normal", 
      "weight": 400, 
      "filename": "IMFELLDWPica-Regular.ttf", 
      "copyright": "(c) 2007 Igino Marini (www.iginomarini.com) With Reserved Font Name IM FELL DW Pica Roman"
    }, 
    {
      "name": "IM FELL DW Pica", 
      "postScriptName": "IM_FELL_DW_Pica_Italic", 
      "fullName": "IM FELL DW Pica Italic", 
      "style": "italic", 
      "weight": 400, 
      "filename": "IMFELLDWPica-Italic.ttf", 
      "copyright": "(c) 2007 Igino Marini (www.iginomarini.com) With Reserved Font Name IM FELL DW Pica Italic"
    }
  ], 
  "subsets": [
    "latin"
  ], 
  "dateAdded": "2010-05-17"
}
